
> q-one_v3:-human-centric-ai-automation-agent@0.0.0 build
> vite build

[36mvite v6.4.1 [32mbuilding for production...[36m[39m
node.exe : 
위치 C:\Program Files\nodejs\npm.ps1:
29 문자:3
+   & $NODE_EXE $NPM_CLI_JS $args
+   ~~~~~~~~~~~~~~~~~~~~~~~~~~~~~
    + CategoryInfo          : NotS 
   pecified: (:String) [], Remote  
  Exception
    + FullyQualifiedErrorId : Nati 
   veCommandError
 
/index.css doesn't exist at build t
ime, it will remain unchanged to be
 resolved at runtime
transforming...
[32m??[39m 2130 modules transformed.
rendering chunks...
[33m[plugin vite:reporter] 
(!) D:/03_Aiworkx/01_Q-ONE/prj/qone
/api/users.ts is dynamically import
ed by D:/03_Aiworkx/01_Q-ONE/prj/qo
ne/components/Settings.tsx, D:/03_A
iworkx/01_Q-ONE/prj/qone/components
/Settings.tsx, D:/03_Aiworkx/01_Q-O
NE/prj/qone/components/Settings.tsx
 but also statically imported by D:
/03_Aiworkx/01_Q-ONE/prj/qone/App.t
sx, dynamic import will not move mo
dule into another chunk.
[39m
[33m[plugin vite:reporter] 
(!) D:/03_Aiworkx/01_Q-ONE/prj/qone
/api/scenarios.ts is dynamically im
ported by D:/03_Aiworkx/01_Q-ONE/pr
j/qone/App.tsx but also statically 
imported by D:/03_Aiworkx/01_Q-ONE/
prj/qone/components/AssetLibrary.ts
x, D:/03_Aiworkx/01_Q-ONE/prj/qone/
components/AutoVerification.tsx, D:
/03_Aiworkx/01_Q-ONE/prj/qone/compo
nents/ScenarioGenerator.tsx, dynami
c import will not move module into 
another chunk.
[39m
computing gzip size...
[2mdist/[22m[32mindex.html                 [39m[1m[2m    1.37 kB[22m[1m[22m[2m ??gzip:   0.70 kB[22m
[2mdist/[22m[35massets/index-BToQ1-XC.css  [39m[1m[2m  103.05 kB[22m[1m[22m[2m ??gzip:  15.96 kB[22m
[2mdist/[22m[36massets/ai-oAU9l2T4.js      [39m[1m[2m    0.20 kB[22m[1m[22m[2m ??gzip:   0.18 kB[22m
[2mdist/[22m[36massets/index-CHHWiYJK.js   [39m[1m[33m1,520.80 kB[39m[22m[2m ??gzip: 406.30 kB[22m
[33m
(!) Some chunks are larger than 500
 kB after minification. Consider:
- Using dynamic import() to code-sp
lit the application
- Use build.rollupOptions.output.ma
nualChunks to improve chunking: htt
ps://rollupjs.org/configuration-opt
ions/#output-manualchunks
- Adjust chunk size limit for this 
warning via build.chunkSizeWarningL
imit.[39m
[32m??built in 10.52s[39m
