backend/venv/Lib/site-packages/selenium/webdriver/remote/findElements.js(1,9): error TS1003: Identifier expected.
backend/venv/Lib/site-packages/selenium/webdriver/remote/getAttribute.js(1,9): error TS1003: Identifier expected.
backend/venv/Lib/site-packages/selenium/webdriver/remote/isDisplayed.js(1,9): error TS1003: Identifier expected.
